// Jest Snapshot v1, https://goo.gl/fbAQLP

exports[`VouchersView renders 1`] = `
<div
  className="App"
>
  <section
    className="ui centered grid stackable"
  >
    <div
      className="three column row"
    >
      <div
        className="column"
      >
        <div
          className="Voucher"
        >
          <div
            className="Voucher-logo"
          >
            <img
              alt="Veniam aliquid quia nam quibusdam."
              onError={[Function]}
              src="https://fakeimg.pl/200x150/"
            />
          </div>
          <div
            className="Voucher-details"
          >
            <div
              className="Voucher-price"
            >
              Price: 
              332.50
               €
            </div>
            <div
              className="Voucher-title"
            >
              Distributor
            </div>
            <div
              className="Voucher-desc"
            >
              Veniam aliquid quia nam quibusdam.
            </div>
            <div
              className="bottom"
            />
            <div
              className="inline"
            >
              <button
                className="undefined btn"
                onClick={[Function]}
                style={undefined}
                type="button"
              >
                <style>
                  
                              .btn {
                                  letter-spacing: 0.10em;
                                  outline: none;
                                  overflow: hidden;
                                  display: inline-block;
                                  width: 100%;
                                  font-size: 16px;
                                  padding: 8px 15px;
                                  margin: 0;
                                  border-width: 0;
                                  border-radius: 0;
                                  color: white;
                                  background-color: #199DAA;
                                  transition: background-color .2s;
                                  font-weight: 200;
                                  cursor: pointer;
                              }
                  
                              .btn:hover,
                              .btn:focus {
                                  color: #f2f2f2;
                                  background-color: #1AD6E8;
                              }
                  
                              .btn.transparent {
                                  background-color: transparent;
                                  border: solid 1px #999;
                                  color: #313541;
                              }
                  
                              .btn.transparent:hover,
                              .btn.transparent:focus {
                                  background-color: #999;
                                  color: white;
                              }
                          
                </style>
                BUY
              </button>
            </div>
          </div>
        </div>
      </div>
      <div
        className="column"
      >
        <div
          className="Voucher"
        >
          <div
            className="Voucher-logo"
          >
            <img
              alt="Culpa nisi exercitationem."
              onError={[Function]}
              src="https://fakeimg.pl/200x150/"
            />
          </div>
          <div
            className="Voucher-details"
          >
            <div
              className="Voucher-price"
            >
              Price: 
              245.07
               €
            </div>
            <div
              className="Voucher-title"
            >
              Distributor
            </div>
            <div
              className="Voucher-desc"
            >
              Culpa nisi exercitationem.
            </div>
            <div
              className="bottom"
            />
            <div
              className="inline"
            >
              <button
                className="undefined btn"
                onClick={[Function]}
                style={undefined}
                type="button"
              >
                <style>
                  
                              .btn {
                                  letter-spacing: 0.10em;
                                  outline: none;
                                  overflow: hidden;
                                  display: inline-block;
                                  width: 100%;
                                  font-size: 16px;
                                  padding: 8px 15px;
                                  margin: 0;
                                  border-width: 0;
                                  border-radius: 0;
                                  color: white;
                                  background-color: #199DAA;
                                  transition: background-color .2s;
                                  font-weight: 200;
                                  cursor: pointer;
                              }
                  
                              .btn:hover,
                              .btn:focus {
                                  color: #f2f2f2;
                                  background-color: #1AD6E8;
                              }
                  
                              .btn.transparent {
                                  background-color: transparent;
                                  border: solid 1px #999;
                                  color: #313541;
                              }
                  
                              .btn.transparent:hover,
                              .btn.transparent:focus {
                                  background-color: #999;
                                  color: white;
                              }
                          
                </style>
                BUY
              </button>
            </div>
          </div>
        </div>
      </div>
      <div
        className="column"
      >
        <div
          className="Voucher"
        >
          <div
            className="Voucher-logo"
          >
            <img
              alt="Reiciendis reiciendis dolorem nesciunt voluptate."
              onError={[Function]}
              src="https://fakeimg.pl/200x150/"
            />
          </div>
          <div
            className="Voucher-details"
          >
            <div
              className="Voucher-price"
            >
              Price: 
              569.94
               €
            </div>
            <div
              className="Voucher-title"
            >
              Distributor
            </div>
            <div
              className="Voucher-desc"
            >
              Reiciendis reiciendis dolorem nesciunt voluptate.
            </div>
            <div
              className="bottom"
            />
            <div
              className="inline"
            >
              <button
                className="undefined btn"
                onClick={[Function]}
                style={undefined}
                type="button"
              >
                <style>
                  
                              .btn {
                                  letter-spacing: 0.10em;
                                  outline: none;
                                  overflow: hidden;
                                  display: inline-block;
                                  width: 100%;
                                  font-size: 16px;
                                  padding: 8px 15px;
                                  margin: 0;
                                  border-width: 0;
                                  border-radius: 0;
                                  color: white;
                                  background-color: #199DAA;
                                  transition: background-color .2s;
                                  font-weight: 200;
                                  cursor: pointer;
                              }
                  
                              .btn:hover,
                              .btn:focus {
                                  color: #f2f2f2;
                                  background-color: #1AD6E8;
                              }
                  
                              .btn.transparent {
                                  background-color: transparent;
                                  border: solid 1px #999;
                                  color: #313541;
                              }
                  
                              .btn.transparent:hover,
                              .btn.transparent:focus {
                                  background-color: #999;
                                  color: white;
                              }
                          
                </style>
                BUY
              </button>
            </div>
          </div>
        </div>
      </div>
      <div
        className="column"
      >
        <div
          className="Voucher"
        >
          <div
            className="Voucher-logo"
          >
            <img
              alt="Hic iste beatae ex qui nisi minus magni iusto quas."
              onError={[Function]}
              src="https://fakeimg.pl/200x150/"
            />
          </div>
          <div
            className="Voucher-details"
          >
            <div
              className="Voucher-price"
            >
              Price: 
              609.30
               €
            </div>
            <div
              className="Voucher-title"
            >
              Distributor
            </div>
            <div
              className="Voucher-desc"
            >
              Hic iste beatae ex qui nisi minus magni iusto quas.
            </div>
            <div
              className="bottom"
            />
            <div
              className="inline"
            >
              <button
                className="undefined btn"
                onClick={[Function]}
                style={undefined}
                type="button"
              >
                <style>
                  
                              .btn {
                                  letter-spacing: 0.10em;
                                  outline: none;
                                  overflow: hidden;
                                  display: inline-block;
                                  width: 100%;
                                  font-size: 16px;
                                  padding: 8px 15px;
                                  margin: 0;
                                  border-width: 0;
                                  border-radius: 0;
                                  color: white;
                                  background-color: #199DAA;
                                  transition: background-color .2s;
                                  font-weight: 200;
                                  cursor: pointer;
                              }
                  
                              .btn:hover,
                              .btn:focus {
                                  color: #f2f2f2;
                                  background-color: #1AD6E8;
                              }
                  
                              .btn.transparent {
                                  background-color: transparent;
                                  border: solid 1px #999;
                                  color: #313541;
                              }
                  
                              .btn.transparent:hover,
                              .btn.transparent:focus {
                                  background-color: #999;
                                  color: white;
                              }
                          
                </style>
                BUY
              </button>
            </div>
          </div>
        </div>
      </div>
      <div
        className="column"
      >
        <div
          className="Voucher"
        >
          <div
            className="Voucher-logo"
          >
            <img
              alt="Itaque consequatur aut vel."
              onError={[Function]}
              src="https://fakeimg.pl/200x150/"
            />
          </div>
          <div
            className="Voucher-details"
          >
            <div
              className="Voucher-price"
            >
              Price: 
              831.19
               €
            </div>
            <div
              className="Voucher-title"
            >
              Distributor
            </div>
            <div
              className="Voucher-desc"
            >
              Itaque consequatur aut vel.
            </div>
            <div
              className="bottom"
            />
            <div
              className="inline"
            >
              <button
                className="undefined btn"
                onClick={[Function]}
                style={undefined}
                type="button"
              >
                <style>
                  
                              .btn {
                                  letter-spacing: 0.10em;
                                  outline: none;
                                  overflow: hidden;
                                  display: inline-block;
                                  width: 100%;
                                  font-size: 16px;
                                  padding: 8px 15px;
                                  margin: 0;
                                  border-width: 0;
                                  border-radius: 0;
                                  color: white;
                                  background-color: #199DAA;
                                  transition: background-color .2s;
                                  font-weight: 200;
                                  cursor: pointer;
                              }
                  
                              .btn:hover,
                              .btn:focus {
                                  color: #f2f2f2;
                                  background-color: #1AD6E8;
                              }
                  
                              .btn.transparent {
                                  background-color: transparent;
                                  border: solid 1px #999;
                                  color: #313541;
                              }
                  
                              .btn.transparent:hover,
                              .btn.transparent:focus {
                                  background-color: #999;
                                  color: white;
                              }
                          
                </style>
                BUY
              </button>
            </div>
          </div>
        </div>
      </div>
      <div
        className="column"
      >
        <div
          className="Voucher"
        >
          <div
            className="Voucher-logo"
          >
            <img
              alt="Eveniet molestiae mollitia."
              onError={[Function]}
              src="https://fakeimg.pl/200x150/"
            />
          </div>
          <div
            className="Voucher-details"
          >
            <div
              className="Voucher-price"
            >
              Price: 
              539.03
               €
            </div>
            <div
              className="Voucher-title"
            >
              Distributor
            </div>
            <div
              className="Voucher-desc"
            >
              Eveniet molestiae mollitia.
            </div>
            <div
              className="bottom"
            />
            <div
              className="inline"
            >
              <button
                className="undefined btn"
                onClick={[Function]}
                style={undefined}
                type="button"
              >
                <style>
                  
                              .btn {
                                  letter-spacing: 0.10em;
                                  outline: none;
                                  overflow: hidden;
                                  display: inline-block;
                                  width: 100%;
                                  font-size: 16px;
                                  padding: 8px 15px;
                                  margin: 0;
                                  border-width: 0;
                                  border-radius: 0;
                                  color: white;
                                  background-color: #199DAA;
                                  transition: background-color .2s;
                                  font-weight: 200;
                                  cursor: pointer;
                              }
                  
                              .btn:hover,
                              .btn:focus {
                                  color: #f2f2f2;
                                  background-color: #1AD6E8;
                              }
                  
                              .btn.transparent {
                                  background-color: transparent;
                                  border: solid 1px #999;
                                  color: #313541;
                              }
                  
                              .btn.transparent:hover,
                              .btn.transparent:focus {
                                  background-color: #999;
                                  color: white;
                              }
                          
                </style>
                BUY
              </button>
            </div>
          </div>
        </div>
      </div>
      <div
        className="column"
      >
        <div
          className="Voucher"
        >
          <div
            className="Voucher-logo"
          >
            <img
              alt="Consequatur quaerat in suscipit ea mollitia exercitationem saepe ea accusantium."
              onError={[Function]}
              src="https://fakeimg.pl/200x150/"
            />
          </div>
          <div
            className="Voucher-details"
          >
            <div
              className="Voucher-price"
            >
              Price: 
              157.11
               €
            </div>
            <div
              className="Voucher-title"
            >
              Distributor
            </div>
            <div
              className="Voucher-desc"
            >
              Consequatur quaerat in suscipit ea mollitia exercitationem saepe ea accusantium.
            </div>
            <div
              className="bottom"
            />
            <div
              className="inline"
            >
              <button
                className="undefined btn"
                onClick={[Function]}
                style={undefined}
                type="button"
              >
                <style>
                  
                              .btn {
                                  letter-spacing: 0.10em;
                                  outline: none;
                                  overflow: hidden;
                                  display: inline-block;
                                  width: 100%;
                                  font-size: 16px;
                                  padding: 8px 15px;
                                  margin: 0;
                                  border-width: 0;
                                  border-radius: 0;
                                  color: white;
                                  background-color: #199DAA;
                                  transition: background-color .2s;
                                  font-weight: 200;
                                  cursor: pointer;
                              }
                  
                              .btn:hover,
                              .btn:focus {
                                  color: #f2f2f2;
                                  background-color: #1AD6E8;
                              }
                  
                              .btn.transparent {
                                  background-color: transparent;
                                  border: solid 1px #999;
                                  color: #313541;
                              }
                  
                              .btn.transparent:hover,
                              .btn.transparent:focus {
                                  background-color: #999;
                                  color: white;
                              }
                          
                </style>
                BUY
              </button>
            </div>
          </div>
        </div>
      </div>
      <div
        className="column"
      >
        <div
          className="Voucher"
        >
          <div
            className="Voucher-logo"
          >
            <img
              alt="Similique libero voluptatem explicabo dolorem omnis."
              onError={[Function]}
              src="https://fakeimg.pl/200x150/"
            />
          </div>
          <div
            className="Voucher-details"
          >
            <div
              className="Voucher-price"
            >
              Price: 
              361.75
               €
            </div>
            <div
              className="Voucher-title"
            >
              Distributor
            </div>
            <div
              className="Voucher-desc"
            >
              Similique libero voluptatem explicabo dolorem omnis.
            </div>
            <div
              className="bottom"
            />
            <div
              className="inline"
            >
              <button
                className="undefined btn"
                onClick={[Function]}
                style={undefined}
                type="button"
              >
                <style>
                  
                              .btn {
                                  letter-spacing: 0.10em;
                                  outline: none;
                                  overflow: hidden;
                                  display: inline-block;
                                  width: 100%;
                                  font-size: 16px;
                                  padding: 8px 15px;
                                  margin: 0;
                                  border-width: 0;
                                  border-radius: 0;
                                  color: white;
                                  background-color: #199DAA;
                                  transition: background-color .2s;
                                  font-weight: 200;
                                  cursor: pointer;
                              }
                  
                              .btn:hover,
                              .btn:focus {
                                  color: #f2f2f2;
                                  background-color: #1AD6E8;
                              }
                  
                              .btn.transparent {
                                  background-color: transparent;
                                  border: solid 1px #999;
                                  color: #313541;
                              }
                  
                              .btn.transparent:hover,
                              .btn.transparent:focus {
                                  background-color: #999;
                                  color: white;
                              }
                          
                </style>
                BUY
              </button>
            </div>
          </div>
        </div>
      </div>
      <div
        className="column"
      >
        <div
          className="Voucher"
        >
          <div
            className="Voucher-logo"
          >
            <img
              alt="Deserunt natus quo perspiciatis molestiae est totam amet facere voluptas."
              onError={[Function]}
              src="https://fakeimg.pl/200x150/"
            />
          </div>
          <div
            className="Voucher-details"
          >
            <div
              className="Voucher-price"
            >
              Price: 
              679.97
               €
            </div>
            <div
              className="Voucher-title"
            >
              Distributor
            </div>
            <div
              className="Voucher-desc"
            >
              Deserunt natus quo perspiciatis molestiae est totam amet facere voluptas.
            </div>
            <div
              className="bottom"
            />
            <div
              className="inline"
            >
              <button
                className="undefined btn"
                onClick={[Function]}
                style={undefined}
                type="button"
              >
                <style>
                  
                              .btn {
                                  letter-spacing: 0.10em;
                                  outline: none;
                                  overflow: hidden;
                                  display: inline-block;
                                  width: 100%;
                                  font-size: 16px;
                                  padding: 8px 15px;
                                  margin: 0;
                                  border-width: 0;
                                  border-radius: 0;
                                  color: white;
                                  background-color: #199DAA;
                                  transition: background-color .2s;
                                  font-weight: 200;
                                  cursor: pointer;
                              }
                  
                              .btn:hover,
                              .btn:focus {
                                  color: #f2f2f2;
                                  background-color: #1AD6E8;
                              }
                  
                              .btn.transparent {
                                  background-color: transparent;
                                  border: solid 1px #999;
                                  color: #313541;
                              }
                  
                              .btn.transparent:hover,
                              .btn.transparent:focus {
                                  background-color: #999;
                                  color: white;
                              }
                          
                </style>
                BUY
              </button>
            </div>
          </div>
        </div>
      </div>
      <div
        className="column"
      >
        <div
          className="Voucher"
        >
          <div
            className="Voucher-logo"
          >
            <img
              alt="Sint alias sapiente eum doloremque et amet hic voluptatem excepturi."
              onError={[Function]}
              src="https://fakeimg.pl/200x150/"
            />
          </div>
          <div
            className="Voucher-details"
          >
            <div
              className="Voucher-price"
            >
              Price: 
              920.96
               €
            </div>
            <div
              className="Voucher-title"
            >
              Distributor
            </div>
            <div
              className="Voucher-desc"
            >
              Sint alias sapiente eum doloremque et amet hic voluptatem excepturi.
            </div>
            <div
              className="bottom"
            />
            <div
              className="inline"
            >
              <button
                className="undefined btn"
                onClick={[Function]}
                style={undefined}
                type="button"
              >
                <style>
                  
                              .btn {
                                  letter-spacing: 0.10em;
                                  outline: none;
                                  overflow: hidden;
                                  display: inline-block;
                                  width: 100%;
                                  font-size: 16px;
                                  padding: 8px 15px;
                                  margin: 0;
                                  border-width: 0;
                                  border-radius: 0;
                                  color: white;
                                  background-color: #199DAA;
                                  transition: background-color .2s;
                                  font-weight: 200;
                                  cursor: pointer;
                              }
                  
                              .btn:hover,
                              .btn:focus {
                                  color: #f2f2f2;
                                  background-color: #1AD6E8;
                              }
                  
                              .btn.transparent {
                                  background-color: transparent;
                                  border: solid 1px #999;
                                  color: #313541;
                              }
                  
                              .btn.transparent:hover,
                              .btn.transparent:focus {
                                  background-color: #999;
                                  color: white;
                              }
                          
                </style>
                BUY
              </button>
            </div>
          </div>
        </div>
      </div>
      <div
        className="column"
      >
        <div
          className="Voucher"
        >
          <div
            className="Voucher-logo"
          >
            <img
              alt="Ut neque sunt ratione eaque velit saepe adipisci."
              onError={[Function]}
              src="https://fakeimg.pl/200x150/"
            />
          </div>
          <div
            className="Voucher-details"
          >
            <div
              className="Voucher-price"
            >
              Price: 
              539.04
               €
            </div>
            <div
              className="Voucher-title"
            >
              Distributor
            </div>
            <div
              className="Voucher-desc"
            >
              Ut neque sunt ratione eaque velit saepe adipisci.
            </div>
            <div
              className="bottom"
            />
            <div
              className="inline"
            >
              <button
                className="undefined btn"
                onClick={[Function]}
                style={undefined}
                type="button"
              >
                <style>
                  
                              .btn {
                                  letter-spacing: 0.10em;
                                  outline: none;
                                  overflow: hidden;
                                  display: inline-block;
                                  width: 100%;
                                  font-size: 16px;
                                  padding: 8px 15px;
                                  margin: 0;
                                  border-width: 0;
                                  border-radius: 0;
                                  color: white;
                                  background-color: #199DAA;
                                  transition: background-color .2s;
                                  font-weight: 200;
                                  cursor: pointer;
                              }
                  
                              .btn:hover,
                              .btn:focus {
                                  color: #f2f2f2;
                                  background-color: #1AD6E8;
                              }
                  
                              .btn.transparent {
                                  background-color: transparent;
                                  border: solid 1px #999;
                                  color: #313541;
                              }
                  
                              .btn.transparent:hover,
                              .btn.transparent:focus {
                                  background-color: #999;
                                  color: white;
                              }
                          
                </style>
                BUY
              </button>
            </div>
          </div>
        </div>
      </div>
      <div
        className="column"
      >
        <div
          className="Voucher"
        >
          <div
            className="Voucher-logo"
          >
            <img
              alt="Harum at mollitia quo est veritatis nostrum distinctio temporibus dignissimos."
              onError={[Function]}
              src="https://fakeimg.pl/200x150/"
            />
          </div>
          <div
            className="Voucher-details"
          >
            <div
              className="Voucher-price"
            >
              Price: 
              415.16
               €
            </div>
            <div
              className="Voucher-title"
            >
              Distributor
            </div>
            <div
              className="Voucher-desc"
            >
              Harum at mollitia quo est veritatis nostrum distinctio temporibus dignissimos.
            </div>
            <div
              className="bottom"
            />
            <div
              className="inline"
            >
              <button
                className="undefined btn"
                onClick={[Function]}
                style={undefined}
                type="button"
              >
                <style>
                  
                              .btn {
                                  letter-spacing: 0.10em;
                                  outline: none;
                                  overflow: hidden;
                                  display: inline-block;
                                  width: 100%;
                                  font-size: 16px;
                                  padding: 8px 15px;
                                  margin: 0;
                                  border-width: 0;
                                  border-radius: 0;
                                  color: white;
                                  background-color: #199DAA;
                                  transition: background-color .2s;
                                  font-weight: 200;
                                  cursor: pointer;
                              }
                  
                              .btn:hover,
                              .btn:focus {
                                  color: #f2f2f2;
                                  background-color: #1AD6E8;
                              }
                  
                              .btn.transparent {
                                  background-color: transparent;
                                  border: solid 1px #999;
                                  color: #313541;
                              }
                  
                              .btn.transparent:hover,
                              .btn.transparent:focus {
                                  background-color: #999;
                                  color: white;
                              }
                          
                </style>
                BUY
              </button>
            </div>
          </div>
        </div>
      </div>
      <div
        className="column"
      >
        <div
          className="Voucher"
        >
          <div
            className="Voucher-logo"
          >
            <img
              alt="Laudantium non cum non impedit ut."
              onError={[Function]}
              src="https://fakeimg.pl/200x150/"
            />
          </div>
          <div
            className="Voucher-details"
          >
            <div
              className="Voucher-price"
            >
              Price: 
              719.72
               €
            </div>
            <div
              className="Voucher-title"
            >
              Distributor
            </div>
            <div
              className="Voucher-desc"
            >
              Laudantium non cum non impedit ut.
            </div>
            <div
              className="bottom"
            />
            <div
              className="inline"
            >
              <button
                className="undefined btn"
                onClick={[Function]}
                style={undefined}
                type="button"
              >
                <style>
                  
                              .btn {
                                  letter-spacing: 0.10em;
                                  outline: none;
                                  overflow: hidden;
                                  display: inline-block;
                                  width: 100%;
                                  font-size: 16px;
                                  padding: 8px 15px;
                                  margin: 0;
                                  border-width: 0;
                                  border-radius: 0;
                                  color: white;
                                  background-color: #199DAA;
                                  transition: background-color .2s;
                                  font-weight: 200;
                                  cursor: pointer;
                              }
                  
                              .btn:hover,
                              .btn:focus {
                                  color: #f2f2f2;
                                  background-color: #1AD6E8;
                              }
                  
                              .btn.transparent {
                                  background-color: transparent;
                                  border: solid 1px #999;
                                  color: #313541;
                              }
                  
                              .btn.transparent:hover,
                              .btn.transparent:focus {
                                  background-color: #999;
                                  color: white;
                              }
                          
                </style>
                BUY
              </button>
            </div>
          </div>
        </div>
      </div>
      <div
        className="column"
      >
        <div
          className="Voucher"
        >
          <div
            className="Voucher-logo"
          >
            <img
              alt="Repellat sint non quibusdam doloribus quia sapiente quo nulla."
              onError={[Function]}
              src="https://fakeimg.pl/200x150/"
            />
          </div>
          <div
            className="Voucher-details"
          >
            <div
              className="Voucher-price"
            >
              Price: 
              945.94
               €
            </div>
            <div
              className="Voucher-title"
            >
              Distributor
            </div>
            <div
              className="Voucher-desc"
            >
              Repellat sint non quibusdam doloribus quia sapiente quo nulla.
            </div>
            <div
              className="bottom"
            />
            <div
              className="inline"
            >
              <button
                className="undefined btn"
                onClick={[Function]}
                style={undefined}
                type="button"
              >
                <style>
                  
                              .btn {
                                  letter-spacing: 0.10em;
                                  outline: none;
                                  overflow: hidden;
                                  display: inline-block;
                                  width: 100%;
                                  font-size: 16px;
                                  padding: 8px 15px;
                                  margin: 0;
                                  border-width: 0;
                                  border-radius: 0;
                                  color: white;
                                  background-color: #199DAA;
                                  transition: background-color .2s;
                                  font-weight: 200;
                                  cursor: pointer;
                              }
                  
                              .btn:hover,
                              .btn:focus {
                                  color: #f2f2f2;
                                  background-color: #1AD6E8;
                              }
                  
                              .btn.transparent {
                                  background-color: transparent;
                                  border: solid 1px #999;
                                  color: #313541;
                              }
                  
                              .btn.transparent:hover,
                              .btn.transparent:focus {
                                  background-color: #999;
                                  color: white;
                              }
                          
                </style>
                BUY
              </button>
            </div>
          </div>
        </div>
      </div>
      <div
        className="column"
      >
        <div
          className="Voucher"
        >
          <div
            className="Voucher-logo"
          >
            <img
              alt="Sit ea tempora et recusandae ipsum voluptas dolor provident."
              onError={[Function]}
              src="https://fakeimg.pl/200x150/"
            />
          </div>
          <div
            className="Voucher-details"
          >
            <div
              className="Voucher-price"
            >
              Price: 
              734.07
               €
            </div>
            <div
              className="Voucher-title"
            >
              Distributor
            </div>
            <div
              className="Voucher-desc"
            >
              Sit ea tempora et recusandae ipsum voluptas dolor provident.
            </div>
            <div
              className="bottom"
            />
            <div
              className="inline"
            >
              <button
                className="undefined btn"
                onClick={[Function]}
                style={undefined}
                type="button"
              >
                <style>
                  
                              .btn {
                                  letter-spacing: 0.10em;
                                  outline: none;
                                  overflow: hidden;
                                  display: inline-block;
                                  width: 100%;
                                  font-size: 16px;
                                  padding: 8px 15px;
                                  margin: 0;
                                  border-width: 0;
                                  border-radius: 0;
                                  color: white;
                                  background-color: #199DAA;
                                  transition: background-color .2s;
                                  font-weight: 200;
                                  cursor: pointer;
                              }
                  
                              .btn:hover,
                              .btn:focus {
                                  color: #f2f2f2;
                                  background-color: #1AD6E8;
                              }
                  
                              .btn.transparent {
                                  background-color: transparent;
                                  border: solid 1px #999;
                                  color: #313541;
                              }
                  
                              .btn.transparent:hover,
                              .btn.transparent:focus {
                                  background-color: #999;
                                  color: white;
                              }
                          
                </style>
                BUY
              </button>
            </div>
          </div>
        </div>
      </div>
      <div
        className="column"
      >
        <div
          className="Voucher"
        >
          <div
            className="Voucher-logo"
          >
            <img
              alt="Laboriosam mollitia cum veritatis sit similique consequatur atque."
              onError={[Function]}
              src="https://fakeimg.pl/200x150/"
            />
          </div>
          <div
            className="Voucher-details"
          >
            <div
              className="Voucher-price"
            >
              Price: 
              32.13
               €
            </div>
            <div
              className="Voucher-title"
            >
              Distributor
            </div>
            <div
              className="Voucher-desc"
            >
              Laboriosam mollitia cum veritatis sit similique consequatur atque.
            </div>
            <div
              className="bottom"
            />
            <div
              className="inline"
            >
              <button
                className="undefined btn"
                onClick={[Function]}
                style={undefined}
                type="button"
              >
                <style>
                  
                              .btn {
                                  letter-spacing: 0.10em;
                                  outline: none;
                                  overflow: hidden;
                                  display: inline-block;
                                  width: 100%;
                                  font-size: 16px;
                                  padding: 8px 15px;
                                  margin: 0;
                                  border-width: 0;
                                  border-radius: 0;
                                  color: white;
                                  background-color: #199DAA;
                                  transition: background-color .2s;
                                  font-weight: 200;
                                  cursor: pointer;
                              }
                  
                              .btn:hover,
                              .btn:focus {
                                  color: #f2f2f2;
                                  background-color: #1AD6E8;
                              }
                  
                              .btn.transparent {
                                  background-color: transparent;
                                  border: solid 1px #999;
                                  color: #313541;
                              }
                  
                              .btn.transparent:hover,
                              .btn.transparent:focus {
                                  background-color: #999;
                                  color: white;
                              }
                          
                </style>
                BUY
              </button>
            </div>
          </div>
        </div>
      </div>
      <div
        className="column"
      >
        <div
          className="Voucher"
        >
          <div
            className="Voucher-logo"
          >
            <img
              alt="Eaque officia magnam mollitia iure consectetur cupiditate quo nam."
              onError={[Function]}
              src="https://fakeimg.pl/200x150/"
            />
          </div>
          <div
            className="Voucher-details"
          >
            <div
              className="Voucher-price"
            >
              Price: 
              513.89
               €
            </div>
            <div
              className="Voucher-title"
            >
              Distributor
            </div>
            <div
              className="Voucher-desc"
            >
              Eaque officia magnam mollitia iure consectetur cupiditate quo nam.
            </div>
            <div
              className="bottom"
            />
            <div
              className="inline"
            >
              <button
                className="undefined btn"
                onClick={[Function]}
                style={undefined}
                type="button"
              >
                <style>
                  
                              .btn {
                                  letter-spacing: 0.10em;
                                  outline: none;
                                  overflow: hidden;
                                  display: inline-block;
                                  width: 100%;
                                  font-size: 16px;
                                  padding: 8px 15px;
                                  margin: 0;
                                  border-width: 0;
                                  border-radius: 0;
                                  color: white;
                                  background-color: #199DAA;
                                  transition: background-color .2s;
                                  font-weight: 200;
                                  cursor: pointer;
                              }
                  
                              .btn:hover,
                              .btn:focus {
                                  color: #f2f2f2;
                                  background-color: #1AD6E8;
                              }
                  
                              .btn.transparent {
                                  background-color: transparent;
                                  border: solid 1px #999;
                                  color: #313541;
                              }
                  
                              .btn.transparent:hover,
                              .btn.transparent:focus {
                                  background-color: #999;
                                  color: white;
                              }
                          
                </style>
                BUY
              </button>
            </div>
          </div>
        </div>
      </div>
      <div
        className="column"
      >
        <div
          className="Voucher"
        >
          <div
            className="Voucher-logo"
          >
            <img
              alt="Quasi nemo similique quo neque."
              onError={[Function]}
              src="https://fakeimg.pl/200x150/"
            />
          </div>
          <div
            className="Voucher-details"
          >
            <div
              className="Voucher-price"
            >
              Price: 
              101.36
               €
            </div>
            <div
              className="Voucher-title"
            >
              Distributor
            </div>
            <div
              className="Voucher-desc"
            >
              Quasi nemo similique quo neque.
            </div>
            <div
              className="bottom"
            />
            <div
              className="inline"
            >
              <button
                className="undefined btn"
                onClick={[Function]}
                style={undefined}
                type="button"
              >
                <style>
                  
                              .btn {
                                  letter-spacing: 0.10em;
                                  outline: none;
                                  overflow: hidden;
                                  display: inline-block;
                                  width: 100%;
                                  font-size: 16px;
                                  padding: 8px 15px;
                                  margin: 0;
                                  border-width: 0;
                                  border-radius: 0;
                                  color: white;
                                  background-color: #199DAA;
                                  transition: background-color .2s;
                                  font-weight: 200;
                                  cursor: pointer;
                              }
                  
                              .btn:hover,
                              .btn:focus {
                                  color: #f2f2f2;
                                  background-color: #1AD6E8;
                              }
                  
                              .btn.transparent {
                                  background-color: transparent;
                                  border: solid 1px #999;
                                  color: #313541;
                              }
                  
                              .btn.transparent:hover,
                              .btn.transparent:focus {
                                  background-color: #999;
                                  color: white;
                              }
                          
                </style>
                BUY
              </button>
            </div>
          </div>
        </div>
      </div>
      <div
        className="column"
      >
        <div
          className="Voucher"
        >
          <div
            className="Voucher-logo"
          >
            <img
              alt="Ullam qui quia."
              onError={[Function]}
              src="https://fakeimg.pl/200x150/"
            />
          </div>
          <div
            className="Voucher-details"
          >
            <div
              className="Voucher-price"
            >
              Price: 
              243.88
               €
            </div>
            <div
              className="Voucher-title"
            >
              Distributor
            </div>
            <div
              className="Voucher-desc"
            >
              Ullam qui quia.
            </div>
            <div
              className="bottom"
            />
            <div
              className="inline"
            >
              <button
                className="undefined btn"
                onClick={[Function]}
                style={undefined}
                type="button"
              >
                <style>
                  
                              .btn {
                                  letter-spacing: 0.10em;
                                  outline: none;
                                  overflow: hidden;
                                  display: inline-block;
                                  width: 100%;
                                  font-size: 16px;
                                  padding: 8px 15px;
                                  margin: 0;
                                  border-width: 0;
                                  border-radius: 0;
                                  color: white;
                                  background-color: #199DAA;
                                  transition: background-color .2s;
                                  font-weight: 200;
                                  cursor: pointer;
                              }
                  
                              .btn:hover,
                              .btn:focus {
                                  color: #f2f2f2;
                                  background-color: #1AD6E8;
                              }
                  
                              .btn.transparent {
                                  background-color: transparent;
                                  border: solid 1px #999;
                                  color: #313541;
                              }
                  
                              .btn.transparent:hover,
                              .btn.transparent:focus {
                                  background-color: #999;
                                  color: white;
                              }
                          
                </style>
                BUY
              </button>
            </div>
          </div>
        </div>
      </div>
      <div
        className="column"
      >
        <div
          className="Voucher"
        >
          <div
            className="Voucher-logo"
          >
            <img
              alt="Quo sunt vitae."
              onError={[Function]}
              src="https://fakeimg.pl/200x150/"
            />
          </div>
          <div
            className="Voucher-details"
          >
            <div
              className="Voucher-price"
            >
              Price: 
              34.43
               €
            </div>
            <div
              className="Voucher-title"
            >
              Distributor
            </div>
            <div
              className="Voucher-desc"
            >
              Quo sunt vitae.
            </div>
            <div
              className="bottom"
            />
            <div
              className="inline"
            >
              <button
                className="undefined btn"
                onClick={[Function]}
                style={undefined}
                type="button"
              >
                <style>
                  
                              .btn {
                                  letter-spacing: 0.10em;
                                  outline: none;
                                  overflow: hidden;
                                  display: inline-block;
                                  width: 100%;
                                  font-size: 16px;
                                  padding: 8px 15px;
                                  margin: 0;
                                  border-width: 0;
                                  border-radius: 0;
                                  color: white;
                                  background-color: #199DAA;
                                  transition: background-color .2s;
                                  font-weight: 200;
                                  cursor: pointer;
                              }
                  
                              .btn:hover,
                              .btn:focus {
                                  color: #f2f2f2;
                                  background-color: #1AD6E8;
                              }
                  
                              .btn.transparent {
                                  background-color: transparent;
                                  border: solid 1px #999;
                                  color: #313541;
                              }
                  
                              .btn.transparent:hover,
                              .btn.transparent:focus {
                                  background-color: #999;
                                  color: white;
                              }
                          
                </style>
                BUY
              </button>
            </div>
          </div>
        </div>
      </div>
    </div>
  </section>
</div>
`;
